
> frontend@0.1.0 dev
> next dev --hostname 127.0.0.1 --port 3000

▲ Next.js 16.1.1 (Turbopack)
- Local:         http://127.0.0.1:3000
- Network:       http://127.0.0.1:3000
- Environments: .env.local

✓ Starting...
Creating turbopack project { dir: '/home/slavoliu/SDLChub/frontend', testMode: true }
✓ Ready in 694ms
(node:126967) Warning: `--localstorage-file` was provided without a valid path
(Use `node --trace-warnings ...` to show where the warning was created)
 GET /dashboard 200 in 506ms (compile: 288ms, render: 218ms)
 GET /dashboard/activity 200 in 35ms (compile: 19ms, render: 16ms)
 GET /dashboard/calendar 200 in 38ms (compile: 23ms, render: 15ms)
 GET /dashboard/calendar 200 in 63ms (compile: 3ms, render: 60ms)
 GET /dashboard 200 in 19ms (compile: 4ms, render: 16ms)
 GET /dashboard 200 in 33ms (compile: 2ms, render: 31ms)
 GET /dashboard/activity 200 in 18ms (compile: 2ms, render: 16ms)
 GET /dashboard/calendar 200 in 18ms (compile: 3ms, render: 15ms)
 GET /dashboard 200 in 17ms (compile: 3ms, render: 15ms)
 GET /dashboard 200 in 30ms (compile: 2ms, render: 28ms)
 GET /dashboard/activity 200 in 16ms (compile: 2ms, render: 13ms)
 GET /dashboard 200 in 11ms (compile: 1920µs, render: 9ms)
 GET /dashboard/activity 200 in 13ms (compile: 1741µs, render: 12ms)
 GET /dashboard 200 in 13ms (compile: 1914µs, render: 11ms)
 GET /dashboard/activity 200 in 16ms (compile: 1730µs, render: 14ms)
 GET /dashboard 200 in 14ms (compile: 2ms, render: 12ms)
 GET /dashboard/activity 200 in 13ms (compile: 1525µs, render: 11ms)
 GET /dashboard/calendar 200 in 13ms (compile: 1593µs, render: 11ms)
 GET /dashboard/board 200 in 162ms (compile: 149ms, render: 13ms)
 GET /dashboard/backlog 200 in 47ms (compile: 34ms, render: 13ms)
 GET /dashboard/team 200 in 185ms (compile: 170ms, render: 14ms)
 GET /dashboard/team 200 in 12ms (compile: 1937µs, render: 10ms)
 GET /dashboard/backlog 200 in 13ms (compile: 1930µs, render: 11ms)
 GET /dashboard/team 200 in 14ms (compile: 1987µs, render: 12ms)
 GET /dashboard/settings 200 in 33ms (compile: 18ms, render: 15ms)
 GET /dashboard 200 in 14ms (compile: 2ms, render: 12ms)
 GET /dashboard 200 in 14ms (compile: 2ms, render: 11ms)
 GET /dashboard 200 in 49ms (compile: 5ms, render: 44ms)
 GET /dashboard 200 in 32ms (compile: 1782µs, render: 30ms)
 GET /dashboard 200 in 58ms (compile: 4ms, render: 55ms)
 GET /dashboard 200 in 29ms (compile: 2ms, render: 27ms)
 GET /dashboard/board 200 in 18ms (compile: 3ms, render: 15ms)
 GET /dashboard 200 in 15ms (compile: 1886µs, render: 13ms)
 GET /dashboard/calendar 200 in 15ms (compile: 1742µs, render: 13ms)
 GET /dashboard 200 in 15ms (compile: 2ms, render: 13ms)
✓ Compiled in 155ms
✓ Compiled in 121ms
 GET /dashboard 200 in 24ms (compile: 3ms, render: 21ms)
 GET /dashboard 200 in 38ms (compile: 3ms, render: 34ms)
 GET /dashboard/activity 200 in 19ms (compile: 4ms, render: 16ms)
 GET /dashboard 200 in 13ms (compile: 2ms, render: 11ms)
 GET /dashboard/activity 200 in 18ms (compile: 2ms, render: 15ms)
 GET /dashboard 200 in 12ms (compile: 2ms, render: 10ms)
✓ Compiled in 127ms
⚠ Fast Refresh had to perform a full reload due to a runtime error.
✓ Compiled in 103ms
 GET /dashboard 200 in 225ms (compile: 61ms, render: 164ms)
 GET /dashboard/tasks/1 200 in 358ms (compile: 339ms, render: 20ms)
✓ Compiled in 55ms
 GET /dashboard/activity 200 in 18ms (compile: 3ms, render: 15ms)
 GET /dashboard 200 in 73ms (compile: 48ms, render: 25ms)
 GET /dashboard/activity 200 in 21ms (compile: 5ms, render: 16ms)
 GET /dashboard/calendar 200 in 23ms (compile: 8ms, render: 15ms)
 GET /dashboard 200 in 16ms (compile: 2ms, render: 13ms)
 GET /dashboard/board 200 in 27ms (compile: 9ms, render: 18ms)
 GET /dashboard/backlog 200 in 21ms (compile: 7ms, render: 13ms)
 GET /dashboard 200 in 17ms (compile: 3ms, render: 15ms)
 GET /dashboard/calendar 200 in 17ms (compile: 1713µs, render: 15ms)
 GET /dashboard 200 in 16ms (compile: 2ms, render: 14ms)
 GET /dashboard/activity 200 in 14ms (compile: 1869µs, render: 12ms)
 GET /dashboard 200 in 14ms (compile: 1935µs, render: 12ms)
 GET /dashboard/calendar 200 in 15ms (compile: 2ms, render: 13ms)
 GET /dashboard/board 200 in 16ms (compile: 2ms, render: 14ms)
 GET /dashboard 200 in 13ms (compile: 1712µs, render: 11ms)
✓ Compiled in 49ms
 GET /dashboard/activity 200 in 20ms (compile: 3ms, render: 17ms)
 GET /dashboard/calendar 200 in 15ms (compile: 1935µs, render: 13ms)
 GET /dashboard/board 200 in 16ms (compile: 1931µs, render: 14ms)
 GET /dashboard/backlog 200 in 15ms (compile: 1994µs, render: 13ms)
 GET /dashboard/team 200 in 20ms (compile: 7ms, render: 13ms)
 GET /dashboard/settings 200 in 28ms (compile: 7ms, render: 20ms)
 GET /dashboard 200 in 66ms (compile: 45ms, render: 22ms)
✓ Compiled in 116ms
 GET /dashboard 200 in 157ms (compile: 42ms, render: 114ms)
 GET /dashboard 200 in 33ms (compile: 3ms, render: 30ms)
 GET /dashboard/tasks/1 200 in 73ms (compile: 49ms, render: 24ms)
 GET /dashboard/calendar 200 in 20ms (compile: 3ms, render: 17ms)
 GET /dashboard/board 200 in 15ms (compile: 2ms, render: 13ms)
 GET /dashboard/backlog 200 in 17ms (compile: 4ms, render: 12ms)
 GET /dashboard 200 in 15ms (compile: 2ms, render: 13ms)
 GET /dashboard/activity 200 in 15ms (compile: 2ms, render: 13ms)
 GET /dashboard/calendar 200 in 13ms (compile: 1804µs, render: 12ms)
 GET /dashboard 200 in 13ms (compile: 1829µs, render: 11ms)
 GET /dashboard/calendar 200 in 14ms (compile: 1743µs, render: 13ms)
 GET /dashboard/board 200 in 15ms (compile: 1937µs, render: 13ms)
 GET /dashboard 200 in 15ms (compile: 2ms, render: 13ms)
 GET /dashboard/backlog 200 in 12ms (compile: 1512µs, render: 11ms)
 GET /dashboard 200 in 13ms (compile: 1834µs, render: 11ms)
 GET /dashboard/activity 200 in 12ms (compile: 1732µs, render: 10ms)
 GET /dashboard 200 in 13ms (compile: 1923µs, render: 11ms)
 GET /dashboard/calendar 200 in 13ms (compile: 1877µs, render: 11ms)
 GET /dashboard 200 in 13ms (compile: 1634µs, render: 11ms)
✓ Compiled in 138ms
 GET /dashboard 200 in 67ms (compile: 47ms, render: 21ms)
 GET /dashboard/activity 200 in 15ms (compile: 2ms, render: 12ms)
 GET /dashboard/calendar 200 in 13ms (compile: 1827µs, render: 11ms)
 GET /dashboard/board 200 in 16ms (compile: 2ms, render: 14ms)
 GET /dashboard/backlog 200 in 14ms (compile: 1988µs, render: 12ms)
 GET /dashboard/team 200 in 20ms (compile: 7ms, render: 13ms)
 GET /dashboard/settings 200 in 23ms (compile: 7ms, render: 16ms)
 GET /dashboard 200 in 15ms (compile: 2ms, render: 13ms)
 GET /dashboard/tasks/1 200 in 56ms (compile: 40ms, render: 16ms)
 GET /dashboard/board 200 in 16ms (compile: 1686µs, render: 14ms)
 GET /dashboard 200 in 14ms (compile: 2ms, render: 12ms)
✓ Compiled in 78ms
 GET /dashboard/activity 200 in 14ms (compile: 1899µs, render: 13ms)
 GET /dashboard/activity 200 in 15ms (compile: 1739µs, render: 13ms)
 GET /dashboard/activity 200 in 14ms (compile: 1905µs, render: 12ms)
